   7.5589039543156931E+000
                         5   8.0598698730873541E-001
   0.0000000000000000E+000
   1.8897259885789233E+000
   3.7794519771578465E+000
   5.6691779657367700E+000
   7.5589039543156931E+000
                         4   8.0598698730873539E-002
   1.0000000000000000E+000   1.0000000000000000E+000
   1.0000000000000000E+000  -1.0000000000000000E+000
   1.6000000000000000E+001   1.0000000000000000E+000
   1.6000000000000000E+001  -1.0000000000000000E+000
                         1
Si   1.0000000000000000E+000
                         0
