                         1
  -1.0809371740000001E+001   4.3586325509197416E-002
